// Jest Snapshot v1, https://goo.gl/fbAQLP

exports[`main 1`] = `"<div class=\\"saber-highlight\\" v-pre=\\"\\" data-lang=\\"vue\\"><pre class=\\"saber-highlight-code language-vue\\"><code class=\\"language-vue\\">&lt;div&gt;hehe&lt;/div&gt;</code></pre></div>"`;
